ARM GAS  /tmp/ccU2jbew.s 			page 1


   1              		.cpu cortex-m4
   2              		.arch armv7e-m
   3              		.fpu fpv4-sp-d16
   4              		.eabi_attribute 27, 1
   5              		.eabi_attribute 28, 1
   6              		.eabi_attribute 20, 1
   7              		.eabi_attribute 21, 1
   8              		.eabi_attribute 23, 3
   9              		.eabi_attribute 24, 1
  10              		.eabi_attribute 25, 1
  11              		.eabi_attribute 26, 1
  12              		.eabi_attribute 30, 1
  13              		.eabi_attribute 34, 1
  14              		.eabi_attribute 18, 4
  15              		.file	"stm32f4xx_hal_msp.c"
  16              		.text
  17              	.Ltext0:
  18              		.cfi_sections	.debug_frame
  19              		.file 1 "Core/Src/stm32f4xx_hal_msp.c"
  20              		.section	.text.HAL_MspInit,"ax",%progbits
  21              		.align	1
  22              		.global	HAL_MspInit
  23              		.syntax unified
  24              		.thumb
  25              		.thumb_func
  27              	HAL_MspInit:
  28              	.LFB134:
   1:Core/Src/stm32f4xx_hal_msp.c **** /* USER CODE BEGIN Header */
   2:Core/Src/stm32f4xx_hal_msp.c **** /**
   3:Core/Src/stm32f4xx_hal_msp.c ****   ******************************************************************************
   4:Core/Src/stm32f4xx_hal_msp.c ****   * @file         stm32f4xx_hal_msp.c
   5:Core/Src/stm32f4xx_hal_msp.c ****   * @brief        This file provides code for the MSP Initialization
   6:Core/Src/stm32f4xx_hal_msp.c ****   *               and de-Initialization codes.
   7:Core/Src/stm32f4xx_hal_msp.c ****   ******************************************************************************
   8:Core/Src/stm32f4xx_hal_msp.c ****   * @attention
   9:Core/Src/stm32f4xx_hal_msp.c ****   *
  10:Core/Src/stm32f4xx_hal_msp.c ****   * Copyright (c) 2026 STMicroelectronics.
  11:Core/Src/stm32f4xx_hal_msp.c ****   * All rights reserved.
  12:Core/Src/stm32f4xx_hal_msp.c ****   *
  13:Core/Src/stm32f4xx_hal_msp.c ****   * This software is licensed under terms that can be found in the LICENSE file
  14:Core/Src/stm32f4xx_hal_msp.c ****   * in the root directory of this software component.
  15:Core/Src/stm32f4xx_hal_msp.c ****   * If no LICENSE file comes with this software, it is provided AS-IS.
  16:Core/Src/stm32f4xx_hal_msp.c ****   *
  17:Core/Src/stm32f4xx_hal_msp.c ****   ******************************************************************************
  18:Core/Src/stm32f4xx_hal_msp.c ****   */
  19:Core/Src/stm32f4xx_hal_msp.c **** /* USER CODE END Header */
  20:Core/Src/stm32f4xx_hal_msp.c **** /* Includes ------------------------------------------------------------------*/
  21:Core/Src/stm32f4xx_hal_msp.c **** #include "main.h"
  22:Core/Src/stm32f4xx_hal_msp.c **** /* USER CODE BEGIN Includes */
  23:Core/Src/stm32f4xx_hal_msp.c **** 
  24:Core/Src/stm32f4xx_hal_msp.c **** /* USER CODE END Includes */
  25:Core/Src/stm32f4xx_hal_msp.c **** 
  26:Core/Src/stm32f4xx_hal_msp.c **** /* Private typedef -----------------------------------------------------------*/
  27:Core/Src/stm32f4xx_hal_msp.c **** /* USER CODE BEGIN TD */
  28:Core/Src/stm32f4xx_hal_msp.c **** 
  29:Core/Src/stm32f4xx_hal_msp.c **** /* USER CODE END TD */
  30:Core/Src/stm32f4xx_hal_msp.c **** 
ARM GAS  /tmp/ccU2jbew.s 			page 2


  31:Core/Src/stm32f4xx_hal_msp.c **** /* Private define ------------------------------------------------------------*/
  32:Core/Src/stm32f4xx_hal_msp.c **** /* USER CODE BEGIN Define */
  33:Core/Src/stm32f4xx_hal_msp.c **** 
  34:Core/Src/stm32f4xx_hal_msp.c **** /* USER CODE END Define */
  35:Core/Src/stm32f4xx_hal_msp.c **** 
  36:Core/Src/stm32f4xx_hal_msp.c **** /* Private macro -------------------------------------------------------------*/
  37:Core/Src/stm32f4xx_hal_msp.c **** /* USER CODE BEGIN Macro */
  38:Core/Src/stm32f4xx_hal_msp.c **** 
  39:Core/Src/stm32f4xx_hal_msp.c **** /* USER CODE END Macro */
  40:Core/Src/stm32f4xx_hal_msp.c **** 
  41:Core/Src/stm32f4xx_hal_msp.c **** /* Private variables ---------------------------------------------------------*/
  42:Core/Src/stm32f4xx_hal_msp.c **** /* USER CODE BEGIN PV */
  43:Core/Src/stm32f4xx_hal_msp.c **** 
  44:Core/Src/stm32f4xx_hal_msp.c **** /* USER CODE END PV */
  45:Core/Src/stm32f4xx_hal_msp.c **** 
  46:Core/Src/stm32f4xx_hal_msp.c **** /* Private function prototypes -----------------------------------------------*/
  47:Core/Src/stm32f4xx_hal_msp.c **** /* USER CODE BEGIN PFP */
  48:Core/Src/stm32f4xx_hal_msp.c **** 
  49:Core/Src/stm32f4xx_hal_msp.c **** /* USER CODE END PFP */
  50:Core/Src/stm32f4xx_hal_msp.c **** 
  51:Core/Src/stm32f4xx_hal_msp.c **** /* External functions --------------------------------------------------------*/
  52:Core/Src/stm32f4xx_hal_msp.c **** /* USER CODE BEGIN ExternalFunctions */
  53:Core/Src/stm32f4xx_hal_msp.c **** 
  54:Core/Src/stm32f4xx_hal_msp.c **** /* USER CODE END ExternalFunctions */
  55:Core/Src/stm32f4xx_hal_msp.c **** 
  56:Core/Src/stm32f4xx_hal_msp.c **** /* USER CODE BEGIN 0 */
  57:Core/Src/stm32f4xx_hal_msp.c **** 
  58:Core/Src/stm32f4xx_hal_msp.c **** /* USER CODE END 0 */
  59:Core/Src/stm32f4xx_hal_msp.c **** /**
  60:Core/Src/stm32f4xx_hal_msp.c ****   * Initializes the Global MSP.
  61:Core/Src/stm32f4xx_hal_msp.c ****   */
  62:Core/Src/stm32f4xx_hal_msp.c **** void HAL_MspInit(void)
  63:Core/Src/stm32f4xx_hal_msp.c **** {
  29              		.loc 1 63 1 view -0
  30              		.cfi_startproc
  31              		@ args = 0, pretend = 0, frame = 8
  32              		@ frame_needed = 0, uses_anonymous_args = 0
  33              		@ link register save eliminated.
  34 0000 82B0     		sub	sp, sp, #8
  35              	.LCFI0:
  36              		.cfi_def_cfa_offset 8
  64:Core/Src/stm32f4xx_hal_msp.c **** 
  65:Core/Src/stm32f4xx_hal_msp.c ****   /* USER CODE BEGIN MspInit 0 */
  66:Core/Src/stm32f4xx_hal_msp.c **** 
  67:Core/Src/stm32f4xx_hal_msp.c ****   /* USER CODE END MspInit 0 */
  68:Core/Src/stm32f4xx_hal_msp.c **** 
  69:Core/Src/stm32f4xx_hal_msp.c ****   __HAL_RCC_SYSCFG_CLK_ENABLE();
  37              		.loc 1 69 3 view .LVU1
  38              	.LBB2:
  39              		.loc 1 69 3 view .LVU2
  40 0002 0021     		movs	r1, #0
  41 0004 0091     		str	r1, [sp]
  42              		.loc 1 69 3 view .LVU3
  43 0006 0B4B     		ldr	r3, .L3
  44 0008 5A6C     		ldr	r2, [r3, #68]
  45 000a 42F48042 		orr	r2, r2, #16384
  46 000e 5A64     		str	r2, [r3, #68]
ARM GAS  /tmp/ccU2jbew.s 			page 3


  47              		.loc 1 69 3 view .LVU4
  48 0010 5A6C     		ldr	r2, [r3, #68]
  49 0012 02F48042 		and	r2, r2, #16384
  50 0016 0092     		str	r2, [sp]
  51              		.loc 1 69 3 view .LVU5
  52 0018 009A     		ldr	r2, [sp]
  53              	.LBE2:
  54              		.loc 1 69 3 view .LVU6
  70:Core/Src/stm32f4xx_hal_msp.c ****   __HAL_RCC_PWR_CLK_ENABLE();
  55              		.loc 1 70 3 view .LVU7
  56              	.LBB3:
  57              		.loc 1 70 3 view .LVU8
  58 001a 0191     		str	r1, [sp, #4]
  59              		.loc 1 70 3 view .LVU9
  60 001c 1A6C     		ldr	r2, [r3, #64]
  61 001e 42F08052 		orr	r2, r2, #268435456
  62 0022 1A64     		str	r2, [r3, #64]
  63              		.loc 1 70 3 view .LVU10
  64 0024 1B6C     		ldr	r3, [r3, #64]
  65 0026 03F08053 		and	r3, r3, #268435456
  66 002a 0193     		str	r3, [sp, #4]
  67              		.loc 1 70 3 view .LVU11
  68 002c 019B     		ldr	r3, [sp, #4]
  69              	.LBE3:
  70              		.loc 1 70 3 view .LVU12
  71:Core/Src/stm32f4xx_hal_msp.c **** 
  72:Core/Src/stm32f4xx_hal_msp.c ****   /* System interrupt init*/
  73:Core/Src/stm32f4xx_hal_msp.c **** 
  74:Core/Src/stm32f4xx_hal_msp.c ****   /* USER CODE BEGIN MspInit 1 */
  75:Core/Src/stm32f4xx_hal_msp.c **** 
  76:Core/Src/stm32f4xx_hal_msp.c ****   /* USER CODE END MspInit 1 */
  77:Core/Src/stm32f4xx_hal_msp.c **** }
  71              		.loc 1 77 1 is_stmt 0 view .LVU13
  72 002e 02B0     		add	sp, sp, #8
  73              	.LCFI1:
  74              		.cfi_def_cfa_offset 0
  75              		@ sp needed
  76 0030 7047     		bx	lr
  77              	.L4:
  78 0032 00BF     		.align	2
  79              	.L3:
  80 0034 00380240 		.word	1073887232
  81              		.cfi_endproc
  82              	.LFE134:
  84              		.section	.text.HAL_I2C_MspInit,"ax",%progbits
  85              		.align	1
  86              		.global	HAL_I2C_MspInit
  87              		.syntax unified
  88              		.thumb
  89              		.thumb_func
  91              	HAL_I2C_MspInit:
  92              	.LVL0:
  93              	.LFB135:
  78:Core/Src/stm32f4xx_hal_msp.c **** 
  79:Core/Src/stm32f4xx_hal_msp.c **** /**
  80:Core/Src/stm32f4xx_hal_msp.c ****   * @brief I2C MSP Initialization
  81:Core/Src/stm32f4xx_hal_msp.c ****   * This function configures the hardware resources used in this example
ARM GAS  /tmp/ccU2jbew.s 			page 4


  82:Core/Src/stm32f4xx_hal_msp.c ****   * @param hi2c: I2C handle pointer
  83:Core/Src/stm32f4xx_hal_msp.c ****   * @retval None
  84:Core/Src/stm32f4xx_hal_msp.c ****   */
  85:Core/Src/stm32f4xx_hal_msp.c **** void HAL_I2C_MspInit(I2C_HandleTypeDef* hi2c)
  86:Core/Src/stm32f4xx_hal_msp.c **** {
  94              		.loc 1 86 1 is_stmt 1 view -0
  95              		.cfi_startproc
  96              		@ args = 0, pretend = 0, frame = 32
  97              		@ frame_needed = 0, uses_anonymous_args = 0
  98              		.loc 1 86 1 is_stmt 0 view .LVU15
  99 0000 30B5     		push	{r4, r5, lr}
 100              	.LCFI2:
 101              		.cfi_def_cfa_offset 12
 102              		.cfi_offset 4, -12
 103              		.cfi_offset 5, -8
 104              		.cfi_offset 14, -4
 105 0002 89B0     		sub	sp, sp, #36
 106              	.LCFI3:
 107              		.cfi_def_cfa_offset 48
  87:Core/Src/stm32f4xx_hal_msp.c ****   GPIO_InitTypeDef GPIO_InitStruct = {0};
 108              		.loc 1 87 3 is_stmt 1 view .LVU16
 109              		.loc 1 87 20 is_stmt 0 view .LVU17
 110 0004 0023     		movs	r3, #0
 111 0006 0393     		str	r3, [sp, #12]
 112 0008 0493     		str	r3, [sp, #16]
 113 000a 0593     		str	r3, [sp, #20]
 114 000c 0693     		str	r3, [sp, #24]
 115 000e 0793     		str	r3, [sp, #28]
  88:Core/Src/stm32f4xx_hal_msp.c ****   if(hi2c->Instance==I2C1)
 116              		.loc 1 88 3 is_stmt 1 view .LVU18
 117              		.loc 1 88 10 is_stmt 0 view .LVU19
 118 0010 0268     		ldr	r2, [r0]
 119              		.loc 1 88 5 view .LVU20
 120 0012 144B     		ldr	r3, .L9
 121 0014 9A42     		cmp	r2, r3
 122 0016 01D0     		beq	.L8
 123              	.LVL1:
 124              	.L5:
  89:Core/Src/stm32f4xx_hal_msp.c ****   {
  90:Core/Src/stm32f4xx_hal_msp.c ****     /* USER CODE BEGIN I2C1_MspInit 0 */
  91:Core/Src/stm32f4xx_hal_msp.c **** 
  92:Core/Src/stm32f4xx_hal_msp.c ****     /* USER CODE END I2C1_MspInit 0 */
  93:Core/Src/stm32f4xx_hal_msp.c **** 
  94:Core/Src/stm32f4xx_hal_msp.c ****     __HAL_RCC_GPIOB_CLK_ENABLE();
  95:Core/Src/stm32f4xx_hal_msp.c ****     /**I2C1 GPIO Configuration
  96:Core/Src/stm32f4xx_hal_msp.c ****     PB8     ------> I2C1_SCL
  97:Core/Src/stm32f4xx_hal_msp.c ****     PB9     ------> I2C1_SDA
  98:Core/Src/stm32f4xx_hal_msp.c ****     */
  99:Core/Src/stm32f4xx_hal_msp.c ****     GPIO_InitStruct.Pin = GPIO_PIN_8|GPIO_PIN_9;
 100:Core/Src/stm32f4xx_hal_msp.c ****     GPIO_InitStruct.Mode = GPIO_MODE_AF_OD;
 101:Core/Src/stm32f4xx_hal_msp.c ****     GPIO_InitStruct.Pull = GPIO_NOPULL;
 102:Core/Src/stm32f4xx_hal_msp.c ****     GPIO_InitStruct.Speed = GPIO_SPEED_FREQ_VERY_HIGH;
 103:Core/Src/stm32f4xx_hal_msp.c ****     GPIO_InitStruct.Alternate = GPIO_AF4_I2C1;
 104:Core/Src/stm32f4xx_hal_msp.c ****     HAL_GPIO_Init(GPIOB, &GPIO_InitStruct);
 105:Core/Src/stm32f4xx_hal_msp.c **** 
 106:Core/Src/stm32f4xx_hal_msp.c ****     /* Peripheral clock enable */
 107:Core/Src/stm32f4xx_hal_msp.c ****     __HAL_RCC_I2C1_CLK_ENABLE();
ARM GAS  /tmp/ccU2jbew.s 			page 5


 108:Core/Src/stm32f4xx_hal_msp.c ****     /* USER CODE BEGIN I2C1_MspInit 1 */
 109:Core/Src/stm32f4xx_hal_msp.c **** 
 110:Core/Src/stm32f4xx_hal_msp.c ****     /* USER CODE END I2C1_MspInit 1 */
 111:Core/Src/stm32f4xx_hal_msp.c **** 
 112:Core/Src/stm32f4xx_hal_msp.c ****   }
 113:Core/Src/stm32f4xx_hal_msp.c **** 
 114:Core/Src/stm32f4xx_hal_msp.c **** }
 125              		.loc 1 114 1 view .LVU21
 126 0018 09B0     		add	sp, sp, #36
 127              	.LCFI4:
 128              		.cfi_remember_state
 129              		.cfi_def_cfa_offset 12
 130              		@ sp needed
 131 001a 30BD     		pop	{r4, r5, pc}
 132              	.LVL2:
 133              	.L8:
 134              	.LCFI5:
 135              		.cfi_restore_state
  94:Core/Src/stm32f4xx_hal_msp.c ****     /**I2C1 GPIO Configuration
 136              		.loc 1 94 5 is_stmt 1 view .LVU22
 137              	.LBB4:
  94:Core/Src/stm32f4xx_hal_msp.c ****     /**I2C1 GPIO Configuration
 138              		.loc 1 94 5 view .LVU23
 139 001c 0025     		movs	r5, #0
 140 001e 0195     		str	r5, [sp, #4]
  94:Core/Src/stm32f4xx_hal_msp.c ****     /**I2C1 GPIO Configuration
 141              		.loc 1 94 5 view .LVU24
 142 0020 114C     		ldr	r4, .L9+4
 143 0022 236B     		ldr	r3, [r4, #48]
 144 0024 43F00203 		orr	r3, r3, #2
 145 0028 2363     		str	r3, [r4, #48]
  94:Core/Src/stm32f4xx_hal_msp.c ****     /**I2C1 GPIO Configuration
 146              		.loc 1 94 5 view .LVU25
 147 002a 236B     		ldr	r3, [r4, #48]
 148 002c 03F00203 		and	r3, r3, #2
 149 0030 0193     		str	r3, [sp, #4]
  94:Core/Src/stm32f4xx_hal_msp.c ****     /**I2C1 GPIO Configuration
 150              		.loc 1 94 5 view .LVU26
 151 0032 019B     		ldr	r3, [sp, #4]
 152              	.LBE4:
  94:Core/Src/stm32f4xx_hal_msp.c ****     /**I2C1 GPIO Configuration
 153              		.loc 1 94 5 view .LVU27
  99:Core/Src/stm32f4xx_hal_msp.c ****     GPIO_InitStruct.Mode = GPIO_MODE_AF_OD;
 154              		.loc 1 99 5 view .LVU28
  99:Core/Src/stm32f4xx_hal_msp.c ****     GPIO_InitStruct.Mode = GPIO_MODE_AF_OD;
 155              		.loc 1 99 25 is_stmt 0 view .LVU29
 156 0034 4FF44073 		mov	r3, #768
 157 0038 0393     		str	r3, [sp, #12]
 100:Core/Src/stm32f4xx_hal_msp.c ****     GPIO_InitStruct.Pull = GPIO_NOPULL;
 158              		.loc 1 100 5 is_stmt 1 view .LVU30
 100:Core/Src/stm32f4xx_hal_msp.c ****     GPIO_InitStruct.Pull = GPIO_NOPULL;
 159              		.loc 1 100 26 is_stmt 0 view .LVU31
 160 003a 1223     		movs	r3, #18
 161 003c 0493     		str	r3, [sp, #16]
 101:Core/Src/stm32f4xx_hal_msp.c ****     GPIO_InitStruct.Speed = GPIO_SPEED_FREQ_VERY_HIGH;
 162              		.loc 1 101 5 is_stmt 1 view .LVU32
 102:Core/Src/stm32f4xx_hal_msp.c ****     GPIO_InitStruct.Alternate = GPIO_AF4_I2C1;
ARM GAS  /tmp/ccU2jbew.s 			page 6


 163              		.loc 1 102 5 view .LVU33
 102:Core/Src/stm32f4xx_hal_msp.c ****     GPIO_InitStruct.Alternate = GPIO_AF4_I2C1;
 164              		.loc 1 102 27 is_stmt 0 view .LVU34
 165 003e 0323     		movs	r3, #3
 166 0040 0693     		str	r3, [sp, #24]
 103:Core/Src/stm32f4xx_hal_msp.c ****     HAL_GPIO_Init(GPIOB, &GPIO_InitStruct);
 167              		.loc 1 103 5 is_stmt 1 view .LVU35
 103:Core/Src/stm32f4xx_hal_msp.c ****     HAL_GPIO_Init(GPIOB, &GPIO_InitStruct);
 168              		.loc 1 103 31 is_stmt 0 view .LVU36
 169 0042 0423     		movs	r3, #4
 170 0044 0793     		str	r3, [sp, #28]
 104:Core/Src/stm32f4xx_hal_msp.c **** 
 171              		.loc 1 104 5 is_stmt 1 view .LVU37
 172 0046 03A9     		add	r1, sp, #12
 173 0048 0848     		ldr	r0, .L9+8
 174              	.LVL3:
 104:Core/Src/stm32f4xx_hal_msp.c **** 
 175              		.loc 1 104 5 is_stmt 0 view .LVU38
 176 004a FFF7FEFF 		bl	HAL_GPIO_Init
 177              	.LVL4:
 107:Core/Src/stm32f4xx_hal_msp.c ****     /* USER CODE BEGIN I2C1_MspInit 1 */
 178              		.loc 1 107 5 is_stmt 1 view .LVU39
 179              	.LBB5:
 107:Core/Src/stm32f4xx_hal_msp.c ****     /* USER CODE BEGIN I2C1_MspInit 1 */
 180              		.loc 1 107 5 view .LVU40
 181 004e 0295     		str	r5, [sp, #8]
 107:Core/Src/stm32f4xx_hal_msp.c ****     /* USER CODE BEGIN I2C1_MspInit 1 */
 182              		.loc 1 107 5 view .LVU41
 183 0050 236C     		ldr	r3, [r4, #64]
 184 0052 43F40013 		orr	r3, r3, #2097152
 185 0056 2364     		str	r3, [r4, #64]
 107:Core/Src/stm32f4xx_hal_msp.c ****     /* USER CODE BEGIN I2C1_MspInit 1 */
 186              		.loc 1 107 5 view .LVU42
 187 0058 236C     		ldr	r3, [r4, #64]
 188 005a 03F40013 		and	r3, r3, #2097152
 189 005e 0293     		str	r3, [sp, #8]
 107:Core/Src/stm32f4xx_hal_msp.c ****     /* USER CODE BEGIN I2C1_MspInit 1 */
 190              		.loc 1 107 5 view .LVU43
 191 0060 029B     		ldr	r3, [sp, #8]
 192              	.LBE5:
 107:Core/Src/stm32f4xx_hal_msp.c ****     /* USER CODE BEGIN I2C1_MspInit 1 */
 193              		.loc 1 107 5 discriminator 1 view .LVU44
 194              		.loc 1 114 1 is_stmt 0 view .LVU45
 195 0062 D9E7     		b	.L5
 196              	.L10:
 197              		.align	2
 198              	.L9:
 199 0064 00540040 		.word	1073763328
 200 0068 00380240 		.word	1073887232
 201 006c 00040240 		.word	1073873920
 202              		.cfi_endproc
 203              	.LFE135:
 205              		.section	.text.HAL_I2C_MspDeInit,"ax",%progbits
 206              		.align	1
 207              		.global	HAL_I2C_MspDeInit
 208              		.syntax unified
 209              		.thumb
ARM GAS  /tmp/ccU2jbew.s 			page 7


 210              		.thumb_func
 212              	HAL_I2C_MspDeInit:
 213              	.LVL5:
 214              	.LFB136:
 115:Core/Src/stm32f4xx_hal_msp.c **** 
 116:Core/Src/stm32f4xx_hal_msp.c **** /**
 117:Core/Src/stm32f4xx_hal_msp.c ****   * @brief I2C MSP De-Initialization
 118:Core/Src/stm32f4xx_hal_msp.c ****   * This function freeze the hardware resources used in this example
 119:Core/Src/stm32f4xx_hal_msp.c ****   * @param hi2c: I2C handle pointer
 120:Core/Src/stm32f4xx_hal_msp.c ****   * @retval None
 121:Core/Src/stm32f4xx_hal_msp.c ****   */
 122:Core/Src/stm32f4xx_hal_msp.c **** void HAL_I2C_MspDeInit(I2C_HandleTypeDef* hi2c)
 123:Core/Src/stm32f4xx_hal_msp.c **** {
 215              		.loc 1 123 1 is_stmt 1 view -0
 216              		.cfi_startproc
 217              		@ args = 0, pretend = 0, frame = 0
 218              		@ frame_needed = 0, uses_anonymous_args = 0
 124:Core/Src/stm32f4xx_hal_msp.c ****   if(hi2c->Instance==I2C1)
 219              		.loc 1 124 3 view .LVU47
 220              		.loc 1 124 10 is_stmt 0 view .LVU48
 221 0000 0268     		ldr	r2, [r0]
 222              		.loc 1 124 5 view .LVU49
 223 0002 0B4B     		ldr	r3, .L18
 224 0004 9A42     		cmp	r2, r3
 225 0006 00D0     		beq	.L17
 226 0008 7047     		bx	lr
 227              	.L17:
 123:Core/Src/stm32f4xx_hal_msp.c ****   if(hi2c->Instance==I2C1)
 228              		.loc 1 123 1 view .LVU50
 229 000a 10B5     		push	{r4, lr}
 230              	.LCFI6:
 231              		.cfi_def_cfa_offset 8
 232              		.cfi_offset 4, -8
 233              		.cfi_offset 14, -4
 125:Core/Src/stm32f4xx_hal_msp.c ****   {
 126:Core/Src/stm32f4xx_hal_msp.c ****     /* USER CODE BEGIN I2C1_MspDeInit 0 */
 127:Core/Src/stm32f4xx_hal_msp.c **** 
 128:Core/Src/stm32f4xx_hal_msp.c ****     /* USER CODE END I2C1_MspDeInit 0 */
 129:Core/Src/stm32f4xx_hal_msp.c ****     /* Peripheral clock disable */
 130:Core/Src/stm32f4xx_hal_msp.c ****     __HAL_RCC_I2C1_CLK_DISABLE();
 234              		.loc 1 130 5 is_stmt 1 view .LVU51
 235 000c 094A     		ldr	r2, .L18+4
 236 000e 136C     		ldr	r3, [r2, #64]
 237 0010 23F40013 		bic	r3, r3, #2097152
 238 0014 1364     		str	r3, [r2, #64]
 131:Core/Src/stm32f4xx_hal_msp.c **** 
 132:Core/Src/stm32f4xx_hal_msp.c ****     /**I2C1 GPIO Configuration
 133:Core/Src/stm32f4xx_hal_msp.c ****     PB8     ------> I2C1_SCL
 134:Core/Src/stm32f4xx_hal_msp.c ****     PB9     ------> I2C1_SDA
 135:Core/Src/stm32f4xx_hal_msp.c ****     */
 136:Core/Src/stm32f4xx_hal_msp.c ****     HAL_GPIO_DeInit(GPIOB, GPIO_PIN_8);
 239              		.loc 1 136 5 view .LVU52
 240 0016 084C     		ldr	r4, .L18+8
 241 0018 4FF48071 		mov	r1, #256
 242 001c 2046     		mov	r0, r4
 243              	.LVL6:
 244              		.loc 1 136 5 is_stmt 0 view .LVU53
ARM GAS  /tmp/ccU2jbew.s 			page 8


 245 001e FFF7FEFF 		bl	HAL_GPIO_DeInit
 246              	.LVL7:
 137:Core/Src/stm32f4xx_hal_msp.c **** 
 138:Core/Src/stm32f4xx_hal_msp.c ****     HAL_GPIO_DeInit(GPIOB, GPIO_PIN_9);
 247              		.loc 1 138 5 is_stmt 1 view .LVU54
 248 0022 4FF40071 		mov	r1, #512
 249 0026 2046     		mov	r0, r4
 250 0028 FFF7FEFF 		bl	HAL_GPIO_DeInit
 251              	.LVL8:
 139:Core/Src/stm32f4xx_hal_msp.c **** 
 140:Core/Src/stm32f4xx_hal_msp.c ****     /* USER CODE BEGIN I2C1_MspDeInit 1 */
 141:Core/Src/stm32f4xx_hal_msp.c **** 
 142:Core/Src/stm32f4xx_hal_msp.c ****     /* USER CODE END I2C1_MspDeInit 1 */
 143:Core/Src/stm32f4xx_hal_msp.c ****   }
 144:Core/Src/stm32f4xx_hal_msp.c **** 
 145:Core/Src/stm32f4xx_hal_msp.c **** }
 252              		.loc 1 145 1 is_stmt 0 view .LVU55
 253 002c 10BD     		pop	{r4, pc}
 254              	.L19:
 255 002e 00BF     		.align	2
 256              	.L18:
 257 0030 00540040 		.word	1073763328
 258 0034 00380240 		.word	1073887232
 259 0038 00040240 		.word	1073873920
 260              		.cfi_endproc
 261              	.LFE136:
 263              		.section	.text.HAL_UART_MspInit,"ax",%progbits
 264              		.align	1
 265              		.global	HAL_UART_MspInit
 266              		.syntax unified
 267              		.thumb
 268              		.thumb_func
 270              	HAL_UART_MspInit:
 271              	.LVL9:
 272              	.LFB137:
 146:Core/Src/stm32f4xx_hal_msp.c **** 
 147:Core/Src/stm32f4xx_hal_msp.c **** /**
 148:Core/Src/stm32f4xx_hal_msp.c ****   * @brief UART MSP Initialization
 149:Core/Src/stm32f4xx_hal_msp.c ****   * This function configures the hardware resources used in this example
 150:Core/Src/stm32f4xx_hal_msp.c ****   * @param huart: UART handle pointer
 151:Core/Src/stm32f4xx_hal_msp.c ****   * @retval None
 152:Core/Src/stm32f4xx_hal_msp.c ****   */
 153:Core/Src/stm32f4xx_hal_msp.c **** void HAL_UART_MspInit(UART_HandleTypeDef* huart)
 154:Core/Src/stm32f4xx_hal_msp.c **** {
 273              		.loc 1 154 1 is_stmt 1 view -0
 274              		.cfi_startproc
 275              		@ args = 0, pretend = 0, frame = 32
 276              		@ frame_needed = 0, uses_anonymous_args = 0
 277              		.loc 1 154 1 is_stmt 0 view .LVU57
 278 0000 00B5     		push	{lr}
 279              	.LCFI7:
 280              		.cfi_def_cfa_offset 4
 281              		.cfi_offset 14, -4
 282 0002 89B0     		sub	sp, sp, #36
 283              	.LCFI8:
 284              		.cfi_def_cfa_offset 40
 155:Core/Src/stm32f4xx_hal_msp.c ****   GPIO_InitTypeDef GPIO_InitStruct = {0};
ARM GAS  /tmp/ccU2jbew.s 			page 9


 285              		.loc 1 155 3 is_stmt 1 view .LVU58
 286              		.loc 1 155 20 is_stmt 0 view .LVU59
 287 0004 0023     		movs	r3, #0
 288 0006 0393     		str	r3, [sp, #12]
 289 0008 0493     		str	r3, [sp, #16]
 290 000a 0593     		str	r3, [sp, #20]
 291 000c 0693     		str	r3, [sp, #24]
 292 000e 0793     		str	r3, [sp, #28]
 156:Core/Src/stm32f4xx_hal_msp.c ****   if(huart->Instance==USART2)
 293              		.loc 1 156 3 is_stmt 1 view .LVU60
 294              		.loc 1 156 11 is_stmt 0 view .LVU61
 295 0010 0268     		ldr	r2, [r0]
 296              		.loc 1 156 5 view .LVU62
 297 0012 144B     		ldr	r3, .L24
 298 0014 9A42     		cmp	r2, r3
 299 0016 02D0     		beq	.L23
 300              	.LVL10:
 301              	.L20:
 157:Core/Src/stm32f4xx_hal_msp.c ****   {
 158:Core/Src/stm32f4xx_hal_msp.c ****     /* USER CODE BEGIN USART2_MspInit 0 */
 159:Core/Src/stm32f4xx_hal_msp.c **** 
 160:Core/Src/stm32f4xx_hal_msp.c ****     /* USER CODE END USART2_MspInit 0 */
 161:Core/Src/stm32f4xx_hal_msp.c ****     /* Peripheral clock enable */
 162:Core/Src/stm32f4xx_hal_msp.c ****     __HAL_RCC_USART2_CLK_ENABLE();
 163:Core/Src/stm32f4xx_hal_msp.c **** 
 164:Core/Src/stm32f4xx_hal_msp.c ****     __HAL_RCC_GPIOA_CLK_ENABLE();
 165:Core/Src/stm32f4xx_hal_msp.c ****     /**USART2 GPIO Configuration
 166:Core/Src/stm32f4xx_hal_msp.c ****     PA2     ------> USART2_TX
 167:Core/Src/stm32f4xx_hal_msp.c ****     PA3     ------> USART2_RX
 168:Core/Src/stm32f4xx_hal_msp.c ****     */
 169:Core/Src/stm32f4xx_hal_msp.c ****     GPIO_InitStruct.Pin = USART_TX_Pin|USART_RX_Pin;
 170:Core/Src/stm32f4xx_hal_msp.c ****     GPIO_InitStruct.Mode = GPIO_MODE_AF_PP;
 171:Core/Src/stm32f4xx_hal_msp.c ****     GPIO_InitStruct.Pull = GPIO_NOPULL;
 172:Core/Src/stm32f4xx_hal_msp.c ****     GPIO_InitStruct.Speed = GPIO_SPEED_FREQ_LOW;
 173:Core/Src/stm32f4xx_hal_msp.c ****     GPIO_InitStruct.Alternate = GPIO_AF7_USART2;
 174:Core/Src/stm32f4xx_hal_msp.c ****     HAL_GPIO_Init(GPIOA, &GPIO_InitStruct);
 175:Core/Src/stm32f4xx_hal_msp.c **** 
 176:Core/Src/stm32f4xx_hal_msp.c ****     /* USER CODE BEGIN USART2_MspInit 1 */
 177:Core/Src/stm32f4xx_hal_msp.c **** 
 178:Core/Src/stm32f4xx_hal_msp.c ****     /* USER CODE END USART2_MspInit 1 */
 179:Core/Src/stm32f4xx_hal_msp.c **** 
 180:Core/Src/stm32f4xx_hal_msp.c ****   }
 181:Core/Src/stm32f4xx_hal_msp.c **** 
 182:Core/Src/stm32f4xx_hal_msp.c **** }
 302              		.loc 1 182 1 view .LVU63
 303 0018 09B0     		add	sp, sp, #36
 304              	.LCFI9:
 305              		.cfi_remember_state
 306              		.cfi_def_cfa_offset 4
 307              		@ sp needed
 308 001a 5DF804FB 		ldr	pc, [sp], #4
 309              	.LVL11:
 310              	.L23:
 311              	.LCFI10:
 312              		.cfi_restore_state
 162:Core/Src/stm32f4xx_hal_msp.c **** 
 313              		.loc 1 162 5 is_stmt 1 view .LVU64
ARM GAS  /tmp/ccU2jbew.s 			page 10


 314              	.LBB6:
 162:Core/Src/stm32f4xx_hal_msp.c **** 
 315              		.loc 1 162 5 view .LVU65
 316 001e 0021     		movs	r1, #0
 317 0020 0191     		str	r1, [sp, #4]
 162:Core/Src/stm32f4xx_hal_msp.c **** 
 318              		.loc 1 162 5 view .LVU66
 319 0022 03F5FA33 		add	r3, r3, #128000
 320 0026 1A6C     		ldr	r2, [r3, #64]
 321 0028 42F40032 		orr	r2, r2, #131072
 322 002c 1A64     		str	r2, [r3, #64]
 162:Core/Src/stm32f4xx_hal_msp.c **** 
 323              		.loc 1 162 5 view .LVU67
 324 002e 1A6C     		ldr	r2, [r3, #64]
 325 0030 02F40032 		and	r2, r2, #131072
 326 0034 0192     		str	r2, [sp, #4]
 162:Core/Src/stm32f4xx_hal_msp.c **** 
 327              		.loc 1 162 5 view .LVU68
 328 0036 019A     		ldr	r2, [sp, #4]
 329              	.LBE6:
 162:Core/Src/stm32f4xx_hal_msp.c **** 
 330              		.loc 1 162 5 view .LVU69
 164:Core/Src/stm32f4xx_hal_msp.c ****     /**USART2 GPIO Configuration
 331              		.loc 1 164 5 view .LVU70
 332              	.LBB7:
 164:Core/Src/stm32f4xx_hal_msp.c ****     /**USART2 GPIO Configuration
 333              		.loc 1 164 5 view .LVU71
 334 0038 0291     		str	r1, [sp, #8]
 164:Core/Src/stm32f4xx_hal_msp.c ****     /**USART2 GPIO Configuration
 335              		.loc 1 164 5 view .LVU72
 336 003a 1A6B     		ldr	r2, [r3, #48]
 337 003c 42F00102 		orr	r2, r2, #1
 338 0040 1A63     		str	r2, [r3, #48]
 164:Core/Src/stm32f4xx_hal_msp.c ****     /**USART2 GPIO Configuration
 339              		.loc 1 164 5 view .LVU73
 340 0042 1B6B     		ldr	r3, [r3, #48]
 341 0044 03F00103 		and	r3, r3, #1
 342 0048 0293     		str	r3, [sp, #8]
 164:Core/Src/stm32f4xx_hal_msp.c ****     /**USART2 GPIO Configuration
 343              		.loc 1 164 5 view .LVU74
 344 004a 029B     		ldr	r3, [sp, #8]
 345              	.LBE7:
 164:Core/Src/stm32f4xx_hal_msp.c ****     /**USART2 GPIO Configuration
 346              		.loc 1 164 5 view .LVU75
 169:Core/Src/stm32f4xx_hal_msp.c ****     GPIO_InitStruct.Mode = GPIO_MODE_AF_PP;
 347              		.loc 1 169 5 view .LVU76
 169:Core/Src/stm32f4xx_hal_msp.c ****     GPIO_InitStruct.Mode = GPIO_MODE_AF_PP;
 348              		.loc 1 169 25 is_stmt 0 view .LVU77
 349 004c 0C23     		movs	r3, #12
 350 004e 0393     		str	r3, [sp, #12]
 170:Core/Src/stm32f4xx_hal_msp.c ****     GPIO_InitStruct.Pull = GPIO_NOPULL;
 351              		.loc 1 170 5 is_stmt 1 view .LVU78
 170:Core/Src/stm32f4xx_hal_msp.c ****     GPIO_InitStruct.Pull = GPIO_NOPULL;
 352              		.loc 1 170 26 is_stmt 0 view .LVU79
 353 0050 0223     		movs	r3, #2
 354 0052 0493     		str	r3, [sp, #16]
 171:Core/Src/stm32f4xx_hal_msp.c ****     GPIO_InitStruct.Speed = GPIO_SPEED_FREQ_LOW;
ARM GAS  /tmp/ccU2jbew.s 			page 11


 355              		.loc 1 171 5 is_stmt 1 view .LVU80
 172:Core/Src/stm32f4xx_hal_msp.c ****     GPIO_InitStruct.Alternate = GPIO_AF7_USART2;
 356              		.loc 1 172 5 view .LVU81
 173:Core/Src/stm32f4xx_hal_msp.c ****     HAL_GPIO_Init(GPIOA, &GPIO_InitStruct);
 357              		.loc 1 173 5 view .LVU82
 173:Core/Src/stm32f4xx_hal_msp.c ****     HAL_GPIO_Init(GPIOA, &GPIO_InitStruct);
 358              		.loc 1 173 31 is_stmt 0 view .LVU83
 359 0054 0723     		movs	r3, #7
 360 0056 0793     		str	r3, [sp, #28]
 174:Core/Src/stm32f4xx_hal_msp.c **** 
 361              		.loc 1 174 5 is_stmt 1 view .LVU84
 362 0058 03A9     		add	r1, sp, #12
 363 005a 0348     		ldr	r0, .L24+4
 364              	.LVL12:
 174:Core/Src/stm32f4xx_hal_msp.c **** 
 365              		.loc 1 174 5 is_stmt 0 view .LVU85
 366 005c FFF7FEFF 		bl	HAL_GPIO_Init
 367              	.LVL13:
 368              		.loc 1 182 1 view .LVU86
 369 0060 DAE7     		b	.L20
 370              	.L25:
 371 0062 00BF     		.align	2
 372              	.L24:
 373 0064 00440040 		.word	1073759232
 374 0068 00000240 		.word	1073872896
 375              		.cfi_endproc
 376              	.LFE137:
 378              		.section	.text.HAL_UART_MspDeInit,"ax",%progbits
 379              		.align	1
 380              		.global	HAL_UART_MspDeInit
 381              		.syntax unified
 382              		.thumb
 383              		.thumb_func
 385              	HAL_UART_MspDeInit:
 386              	.LVL14:
 387              	.LFB138:
 183:Core/Src/stm32f4xx_hal_msp.c **** 
 184:Core/Src/stm32f4xx_hal_msp.c **** /**
 185:Core/Src/stm32f4xx_hal_msp.c ****   * @brief UART MSP De-Initialization
 186:Core/Src/stm32f4xx_hal_msp.c ****   * This function freeze the hardware resources used in this example
 187:Core/Src/stm32f4xx_hal_msp.c ****   * @param huart: UART handle pointer
 188:Core/Src/stm32f4xx_hal_msp.c ****   * @retval None
 189:Core/Src/stm32f4xx_hal_msp.c ****   */
 190:Core/Src/stm32f4xx_hal_msp.c **** void HAL_UART_MspDeInit(UART_HandleTypeDef* huart)
 191:Core/Src/stm32f4xx_hal_msp.c **** {
 388              		.loc 1 191 1 is_stmt 1 view -0
 389              		.cfi_startproc
 390              		@ args = 0, pretend = 0, frame = 0
 391              		@ frame_needed = 0, uses_anonymous_args = 0
 392              		.loc 1 191 1 is_stmt 0 view .LVU88
 393 0000 08B5     		push	{r3, lr}
 394              	.LCFI11:
 395              		.cfi_def_cfa_offset 8
 396              		.cfi_offset 3, -8
 397              		.cfi_offset 14, -4
 192:Core/Src/stm32f4xx_hal_msp.c ****   if(huart->Instance==USART2)
 398              		.loc 1 192 3 is_stmt 1 view .LVU89
ARM GAS  /tmp/ccU2jbew.s 			page 12


 399              		.loc 1 192 11 is_stmt 0 view .LVU90
 400 0002 0268     		ldr	r2, [r0]
 401              		.loc 1 192 5 view .LVU91
 402 0004 064B     		ldr	r3, .L30
 403 0006 9A42     		cmp	r2, r3
 404 0008 00D0     		beq	.L29
 405              	.LVL15:
 406              	.L26:
 193:Core/Src/stm32f4xx_hal_msp.c ****   {
 194:Core/Src/stm32f4xx_hal_msp.c ****     /* USER CODE BEGIN USART2_MspDeInit 0 */
 195:Core/Src/stm32f4xx_hal_msp.c **** 
 196:Core/Src/stm32f4xx_hal_msp.c ****     /* USER CODE END USART2_MspDeInit 0 */
 197:Core/Src/stm32f4xx_hal_msp.c ****     /* Peripheral clock disable */
 198:Core/Src/stm32f4xx_hal_msp.c ****     __HAL_RCC_USART2_CLK_DISABLE();
 199:Core/Src/stm32f4xx_hal_msp.c **** 
 200:Core/Src/stm32f4xx_hal_msp.c ****     /**USART2 GPIO Configuration
 201:Core/Src/stm32f4xx_hal_msp.c ****     PA2     ------> USART2_TX
 202:Core/Src/stm32f4xx_hal_msp.c ****     PA3     ------> USART2_RX
 203:Core/Src/stm32f4xx_hal_msp.c ****     */
 204:Core/Src/stm32f4xx_hal_msp.c ****     HAL_GPIO_DeInit(GPIOA, USART_TX_Pin|USART_RX_Pin);
 205:Core/Src/stm32f4xx_hal_msp.c **** 
 206:Core/Src/stm32f4xx_hal_msp.c ****     /* USER CODE BEGIN USART2_MspDeInit 1 */
 207:Core/Src/stm32f4xx_hal_msp.c **** 
 208:Core/Src/stm32f4xx_hal_msp.c ****     /* USER CODE END USART2_MspDeInit 1 */
 209:Core/Src/stm32f4xx_hal_msp.c ****   }
 210:Core/Src/stm32f4xx_hal_msp.c **** 
 211:Core/Src/stm32f4xx_hal_msp.c **** }
 407              		.loc 1 211 1 view .LVU92
 408 000a 08BD     		pop	{r3, pc}
 409              	.LVL16:
 410              	.L29:
 198:Core/Src/stm32f4xx_hal_msp.c **** 
 411              		.loc 1 198 5 is_stmt 1 view .LVU93
 412 000c 054A     		ldr	r2, .L30+4
 413 000e 136C     		ldr	r3, [r2, #64]
 414 0010 23F40033 		bic	r3, r3, #131072
 415 0014 1364     		str	r3, [r2, #64]
 204:Core/Src/stm32f4xx_hal_msp.c **** 
 416              		.loc 1 204 5 view .LVU94
 417 0016 0C21     		movs	r1, #12
 418 0018 0348     		ldr	r0, .L30+8
 419              	.LVL17:
 204:Core/Src/stm32f4xx_hal_msp.c **** 
 420              		.loc 1 204 5 is_stmt 0 view .LVU95
 421 001a FFF7FEFF 		bl	HAL_GPIO_DeInit
 422              	.LVL18:
 423              		.loc 1 211 1 view .LVU96
 424 001e F4E7     		b	.L26
 425              	.L31:
 426              		.align	2
 427              	.L30:
 428 0020 00440040 		.word	1073759232
 429 0024 00380240 		.word	1073887232
 430 0028 00000240 		.word	1073872896
 431              		.cfi_endproc
 432              	.LFE138:
 434              		.text
ARM GAS  /tmp/ccU2jbew.s 			page 13


 435              	.Letext0:
 436              		.file 2 "/usr/lib/gcc/arm-none-eabi/13.2.1/include/stdint.h"
 437              		.file 3 "Drivers/CMSIS/Device/ST/STM32F4xx/Include/stm32f401xe.h"
 438              		.file 4 "Drivers/STM32F4xx_HAL_Driver/Inc/stm32f4xx_hal_def.h"
 439              		.file 5 "Drivers/STM32F4xx_HAL_Driver/Inc/stm32f4xx_hal_gpio.h"
 440              		.file 6 "Drivers/STM32F4xx_HAL_Driver/Inc/stm32f4xx_hal_dma.h"
 441              		.file 7 "Drivers/STM32F4xx_HAL_Driver/Inc/stm32f4xx_hal_i2c.h"
 442              		.file 8 "Drivers/STM32F4xx_HAL_Driver/Inc/stm32f4xx_hal_uart.h"
ARM GAS  /tmp/ccU2jbew.s 			page 14


DEFINED SYMBOLS
                            *ABS*:00000000 stm32f4xx_hal_msp.c
     /tmp/ccU2jbew.s:21     .text.HAL_MspInit:00000000 $t
     /tmp/ccU2jbew.s:27     .text.HAL_MspInit:00000000 HAL_MspInit
     /tmp/ccU2jbew.s:80     .text.HAL_MspInit:00000034 $d
     /tmp/ccU2jbew.s:85     .text.HAL_I2C_MspInit:00000000 $t
     /tmp/ccU2jbew.s:91     .text.HAL_I2C_MspInit:00000000 HAL_I2C_MspInit
     /tmp/ccU2jbew.s:199    .text.HAL_I2C_MspInit:00000064 $d
     /tmp/ccU2jbew.s:206    .text.HAL_I2C_MspDeInit:00000000 $t
     /tmp/ccU2jbew.s:212    .text.HAL_I2C_MspDeInit:00000000 HAL_I2C_MspDeInit
     /tmp/ccU2jbew.s:257    .text.HAL_I2C_MspDeInit:00000030 $d
     /tmp/ccU2jbew.s:264    .text.HAL_UART_MspInit:00000000 $t
     /tmp/ccU2jbew.s:270    .text.HAL_UART_MspInit:00000000 HAL_UART_MspInit
     /tmp/ccU2jbew.s:373    .text.HAL_UART_MspInit:00000064 $d
     /tmp/ccU2jbew.s:379    .text.HAL_UART_MspDeInit:00000000 $t
     /tmp/ccU2jbew.s:385    .text.HAL_UART_MspDeInit:00000000 HAL_UART_MspDeInit
     /tmp/ccU2jbew.s:428    .text.HAL_UART_MspDeInit:00000020 $d

UNDEFINED SYMBOLS
HAL_GPIO_Init
HAL_GPIO_DeInit
